
> sahib-services-frontend@0.1.0 build
> next build

Γû▓ Next.js 16.1.3 (Turbopack)

  Creating an optimized production build ...
node.exe : 
At line:1 char:1
+ & "C:\Program Files
\nodejs/node.exe" "C:
\Users\LENOVO\AppData
\Roaming ...
+ ~~~~~~~~~~~~~~~~~~~
~~~~~~~~~~~~~~~~~~~~~
~~~~~~~~~~~~~~~~~~~~~
~~~~~~~~
    + CategoryInfo   
           : NotSpe  
  cified: (:String   
 ) [], RemoteExce    
ption
    + FullyQualified 
   ErrorId : Native  
  CommandError
 
> Build error 
occurred
Error: Turbopack 
build failed with 1 
errors:
./src/app/globals.css
Error evaluating 
Node.js code
Error: It looks like 
you're trying to use 
`tailwindcss` 
directly as a 
PostCSS plugin. The 
PostCSS plugin has 
moved to a separate 
package, so to 
continue using 
Tailwind CSS with 
PostCSS you'll need 
to install `@tailwind
css/postcss` and 
update your PostCSS 
configuration.
    [at lt (C:\Users\
LENOVO\OneDrive\Deskt
op\all-in-one\fronten
d\node_modules\tailwi
ndcss\dist\lib.js:38:
1643)]
    at turbopack:///[
turbopack-node]/trans
forms/postcss.ts:56:1
4 [C:\Users\LENOVO\On
eDrive\Desktop\all-in
-one\frontend\.next\b
uild\chunks\[root-of-
the-server]__6d51cb5d
._.js:165:20]
    [at <anonymous>]
    at Module.init (t
urbopack:///[turbopac
k-node]/transforms/po
stcss.ts:43:33) [C:\U
sers\LENOVO\OneDrive\
Desktop\all-in-one\fr
ontend\.next\build\ch
unks\[root-of-the-ser
ver]__6d51cb5d._.js:1
55:35]
    at run (turbopack
:///[turbopack-node]/
ipc/evaluate.ts:77:20
) [C:\Users\LENOVO\On
eDrive\Desktop\all-in
-one\frontend\.next\b
uild\chunks\[root-of-
the-server]__44695d76
._.js:429:26]
    [at process.proce
ssTicksAndRejections 
(node:internal/proces
s/task_queues:105:5)]

Import trace:
  Client Component 
Browser:
    ./src/app/globals
.css [Client 
Component Browser]
    
./src/app/layout.tsx 
[Server Component]


    at Module.init (t
urbopack:///[turbopac
k-node]/transforms/po
stcss.ts:43:33) [C:\U
sers\LENOVO\OneDrive\
Desktop\all-in-one\fr
ontend\.next\build\ch
unks\[root-of-the-ser
ver]__6d51cb5d._.js:1
55:35])
    at run (turbopack
:///[turbopack-node]/
ipc/evaluate.ts:77:20
) [C:\Users\LENOVO\On
eDrive\Desktop\all-in
-one\frontend\.next\b
uild\chunks\[root-of-
the-server]__44695d76
._.js:429:26])
